Archive member included because of file (symbol)

c:/winavr-20090313/bin/../lib/gcc/avr/4.3.2/avr5\libgcc.a(_mulsi3.o)
                              ./APP/Functions.o (__mulsi3)
c:/winavr-20090313/bin/../lib/gcc/avr/4.3.2/avr5\libgcc.a(_udivmodhi4.o)
                              ./APP/Functions.o (__udivmodhi4)
c:/winavr-20090313/bin/../lib/gcc/avr/4.3.2/avr5\libgcc.a(_udivmodsi4.o)
                              ./APP/Functions.o (__udivmodsi4)
c:/winavr-20090313/bin/../lib/gcc/avr/4.3.2/avr5\libgcc.a(_exit.o)
                              c:/winavr-20090313/bin/../lib/gcc/avr/4.3.2/../../../../avr/lib/avr5/crtm32.o (exit)
c:/winavr-20090313/bin/../lib/gcc/avr/4.3.2/avr5\libgcc.a(_copy_data.o)
                              ./HAL/LCD/HLCD.o (__do_copy_data)
c:/winavr-20090313/bin/../lib/gcc/avr/4.3.2/avr5\libgcc.a(_clear_bss.o)
                              ./APP/Functions.o (__do_clear_bss)
c:/winavr-20090313/bin/../lib/gcc/avr/4.3.2/avr5\libgcc.a(_fixunssfsi.o)
                              ./HAL/LCD/HLCD.o (__fixunssfsi)
c:/winavr-20090313/bin/../lib/gcc/avr/4.3.2/avr5\libgcc.a(_addsub_sf.o)
                              c:/winavr-20090313/bin/../lib/gcc/avr/4.3.2/avr5\libgcc.a(_fixunssfsi.o) (__subsf3)
c:/winavr-20090313/bin/../lib/gcc/avr/4.3.2/avr5\libgcc.a(_mul_sf.o)
                              ./HAL/LCD/HLCD.o (__mulsf3)
c:/winavr-20090313/bin/../lib/gcc/avr/4.3.2/avr5\libgcc.a(_gt_sf.o)
                              ./HAL/LCD/HLCD.o (__gtsf2)
c:/winavr-20090313/bin/../lib/gcc/avr/4.3.2/avr5\libgcc.a(_ge_sf.o)
                              c:/winavr-20090313/bin/../lib/gcc/avr/4.3.2/avr5\libgcc.a(_fixunssfsi.o) (__gesf2)
c:/winavr-20090313/bin/../lib/gcc/avr/4.3.2/avr5\libgcc.a(_lt_sf.o)
                              ./HAL/LCD/HLCD.o (__ltsf2)
c:/winavr-20090313/bin/../lib/gcc/avr/4.3.2/avr5\libgcc.a(_sf_to_si.o)
                              c:/winavr-20090313/bin/../lib/gcc/avr/4.3.2/avr5\libgcc.a(_fixunssfsi.o) (__fixsfsi)
c:/winavr-20090313/bin/../lib/gcc/avr/4.3.2/avr5\libgcc.a(_thenan_sf.o)
                              c:/winavr-20090313/bin/../lib/gcc/avr/4.3.2/avr5\libgcc.a(_addsub_sf.o) (__thenan_sf)
c:/winavr-20090313/bin/../lib/gcc/avr/4.3.2/avr5\libgcc.a(_prologue.o)
                              c:/winavr-20090313/bin/../lib/gcc/avr/4.3.2/avr5\libgcc.a(_addsub_sf.o) (__prologue_saves__)
c:/winavr-20090313/bin/../lib/gcc/avr/4.3.2/avr5\libgcc.a(_epilogue.o)
                              c:/winavr-20090313/bin/../lib/gcc/avr/4.3.2/avr5\libgcc.a(_addsub_sf.o) (__epilogue_restores__)
c:/winavr-20090313/bin/../lib/gcc/avr/4.3.2/avr5\libgcc.a(_pack_sf.o)
                              c:/winavr-20090313/bin/../lib/gcc/avr/4.3.2/avr5\libgcc.a(_addsub_sf.o) (__pack_f)
c:/winavr-20090313/bin/../lib/gcc/avr/4.3.2/avr5\libgcc.a(_unpack_sf.o)
                              c:/winavr-20090313/bin/../lib/gcc/avr/4.3.2/avr5\libgcc.a(_addsub_sf.o) (__unpack_f)
c:/winavr-20090313/bin/../lib/gcc/avr/4.3.2/avr5\libgcc.a(_fpcmp_parts_sf.o)
                              c:/winavr-20090313/bin/../lib/gcc/avr/4.3.2/avr5\libgcc.a(_gt_sf.o) (__fpcmp_parts_f)
c:/winavr-20090313/bin/../lib/gcc/avr/4.3.2/../../../../avr/lib/avr5\libc.a(dtostre.o)
                              ./HAL/LCD/HLCD.o (dtostre)
c:/winavr-20090313/bin/../lib/gcc/avr/4.3.2/../../../../avr/lib/avr5\libc.a(ftoa_engine.o)
                              c:/winavr-20090313/bin/../lib/gcc/avr/4.3.2/../../../../avr/lib/avr5\libc.a(dtostre.o) (__ftoa_engine)
c:/winavr-20090313/bin/../lib/gcc/avr/4.3.2/../../../../avr/lib/avr5\libc.a(strcpy_P.o)
                              c:/winavr-20090313/bin/../lib/gcc/avr/4.3.2/../../../../avr/lib/avr5\libc.a(dtostre.o) (strcpy_P)
c:/winavr-20090313/bin/../lib/gcc/avr/4.3.2/../../../../avr/lib/avr5\libc.a(strcmp.o)
                              ./APP/User_Interface.o (strcmp)
c:/winavr-20090313/bin/../lib/gcc/avr/4.3.2/../../../../avr/lib/avr5\libc.a(strcpy.o)
                              ./APP/User_Interface.o (strcpy)
c:/winavr-20090313/bin/../lib/gcc/avr/4.3.2/../../../../avr/lib/avr5\libc.a(strlen.o)
                              ./APP/User_Interface.o (strlen)
c:/winavr-20090313/bin/../lib/gcc/avr/4.3.2/../../../../avr/lib/avr5\libc.a(itoa.o)
                              ./HAL/LCD/HLCD.o (itoa)
c:/winavr-20090313/bin/../lib/gcc/avr/4.3.2/../../../../avr/lib/avr5\libc.a(strrev.o)
                              c:/winavr-20090313/bin/../lib/gcc/avr/4.3.2/../../../../avr/lib/avr5\libc.a(itoa.o) (strrev)

Allocating common symbols
Common symbol       size              file

MADC_LM35_u16Reading
                    0x2               ./APP/Functions.o
ADC_u8Mapped        0x1               ./APP/Functions.o
Key_value           0x1               ./APP/Functions.o
iterator            0x1               ./APP/User_Interface.o
users               0x1e              ./APP/User_Interface.o
MADC_LDR_u16Reading
                    0x2               ./APP/Functions.o

Memory Configuration

Name             Origin             Length             Attributes
text             0x00000000         0x00020000         xr
data             0x00800060         0x0000ffa0         rw !x
eeprom           0x00810000         0x00010000         rw !x
fuse             0x00820000         0x00000400         rw !x
lock             0x00830000         0x00000400         rw !x
signature        0x00840000         0x00000400         rw !x
*default*        0x00000000         0xffffffff

Linker script and memory map

LOAD c:/winavr-20090313/bin/../lib/gcc/avr/4.3.2/../../../../avr/lib/avr5/crtm32.o
LOAD ./MCAL/USART/MUSART.o
LOAD ./MCAL/Timer0/M_Timer0.o
LOAD ./MCAL/TWI/MTWI_program.o
LOAD ./MCAL/SPI/MSPI.o
LOAD ./MCAL/Golbal_Interrupt/M_GLOBAL_INTERRUPT.o
LOAD ./MCAL/DIO/MDIO_program.o
LOAD ./MCAL/ADC/M_ADC.o
LOAD ./HAL/LCD/HLCD.o
LOAD ./HAL/Keypad/HKeypad_.o
LOAD ./HAL/EEPROM/EEPROM_program.o
LOAD ./APP/Functions.o
LOAD ./APP/User_Interface.o
LOAD ./main.o
LOAD c:/winavr-20090313/bin/../lib/gcc/avr/4.3.2/avr5\libgcc.a
LOAD c:/winavr-20090313/bin/../lib/gcc/avr/4.3.2/../../../../avr/lib/avr5\libc.a
LOAD c:/winavr-20090313/bin/../lib/gcc/avr/4.3.2/avr5\libgcc.a

.hash
 *(.hash)

.dynsym
 *(.dynsym)

.dynstr
 *(.dynstr)

.gnu.version
 *(.gnu.version)

.gnu.version_d
 *(.gnu.version_d)

.gnu.version_r
 *(.gnu.version_r)

.rel.init
 *(.rel.init)

.rela.init
 *(.rela.init)

.rel.text
 *(.rel.text)
 *(.rel.text.*)
 *(.rel.gnu.linkonce.t*)

.rela.text
 *(.rela.text)
 *(.rela.text.*)
 *(.rela.gnu.linkonce.t*)

.rel.fini
 *(.rel.fini)

.rela.fini
 *(.rela.fini)

.rel.rodata
 *(.rel.rodata)
 *(.rel.rodata.*)
 *(.rel.gnu.linkonce.r*)

.rela.rodata
 *(.rela.rodata)
 *(.rela.rodata.*)
 *(.rela.gnu.linkonce.r*)

.rel.data
 *(.rel.data)
 *(.rel.data.*)
 *(.rel.gnu.linkonce.d*)

.rela.data
 *(.rela.data)
 *(.rela.data.*)
 *(.rela.gnu.linkonce.d*)

.rel.ctors
 *(.rel.ctors)

.rela.ctors
 *(.rela.ctors)

.rel.dtors
 *(.rel.dtors)

.rela.dtors
 *(.rela.dtors)

.rel.got
 *(.rel.got)

.rela.got
 *(.rela.got)

.rel.bss
 *(.rel.bss)

.rela.bss
 *(.rela.bss)

.rel.plt
 *(.rel.plt)

.rela.plt
 *(.rela.plt)

.text           0x00000000     0x4cc4
 *(.vectors)
 .vectors       0x00000000       0x54 c:/winavr-20090313/bin/../lib/gcc/avr/4.3.2/../../../../avr/lib/avr5/crtm32.o
                0x00000000                __vectors
                0x00000000                __vector_default
 *(.vectors)
 *(.progmem.gcc*)
 *(.progmem*)
 .progmem.data  0x00000054       0x10 c:/winavr-20090313/bin/../lib/gcc/avr/4.3.2/../../../../avr/lib/avr5\libc.a(dtostre.o)
 .progmem.data  0x00000064       0xfa c:/winavr-20090313/bin/../lib/gcc/avr/4.3.2/../../../../avr/lib/avr5\libc.a(ftoa_engine.o)
                0x0000015e                . = ALIGN (0x2)
                0x0000015e                __trampolines_start = .
 *(.trampolines)
 .trampolines   0x0000015e        0x0 linker stubs
 *(.trampolines*)
                0x0000015e                __trampolines_end = .
 *(.jumptables)
 *(.jumptables*)
 *(.lowtext)
 *(.lowtext*)
                0x0000015e                __ctors_start = .
 *(.ctors)
                0x0000015e                __ctors_end = .
                0x0000015e                __dtors_start = .
 *(.dtors)
                0x0000015e                __dtors_end = .
 SORT(*)(.ctors)
 SORT(*)(.dtors)
 *(.init0)
 .init0         0x0000015e        0x0 c:/winavr-20090313/bin/../lib/gcc/avr/4.3.2/../../../../avr/lib/avr5/crtm32.o
                0x0000015e                __init
 *(.init0)
 *(.init1)
 *(.init1)
 *(.init2)
 .init2         0x0000015e        0xc c:/winavr-20090313/bin/../lib/gcc/avr/4.3.2/../../../../avr/lib/avr5/crtm32.o
 *(.init2)
 *(.init3)
 *(.init3)
 *(.init4)
 .init4         0x0000016a       0x16 c:/winavr-20090313/bin/../lib/gcc/avr/4.3.2/avr5\libgcc.a(_copy_data.o)
                0x0000016a                __do_copy_data
 .init4         0x00000180       0x10 c:/winavr-20090313/bin/../lib/gcc/avr/4.3.2/avr5\libgcc.a(_clear_bss.o)
                0x00000180                __do_clear_bss
 *(.init4)
 *(.init5)
 *(.init5)
 *(.init6)
 *(.init6)
 *(.init7)
 *(.init7)
 *(.init8)
 *(.init8)
 *(.init9)
 .init9         0x00000190        0x8 c:/winavr-20090313/bin/../lib/gcc/avr/4.3.2/../../../../avr/lib/avr5/crtm32.o
 *(.init9)
 *(.text)
 .text          0x00000198        0x4 c:/winavr-20090313/bin/../lib/gcc/avr/4.3.2/../../../../avr/lib/avr5/crtm32.o
                0x00000198                __vector_1
                0x00000198                __vector_12
                0x00000198                __bad_interrupt
                0x00000198                __vector_6
                0x00000198                __vector_3
                0x00000198                __vector_11
                0x00000198                __vector_17
                0x00000198                __vector_19
                0x00000198                __vector_7
                0x00000198                __vector_5
                0x00000198                __vector_4
                0x00000198                __vector_9
                0x00000198                __vector_2
                0x00000198                __vector_15
                0x00000198                __vector_8
                0x00000198                __vector_14
                0x00000198                __vector_16
                0x00000198                __vector_18
                0x00000198                __vector_20
 .text          0x0000019c        0x0 ./MCAL/USART/MUSART.o
 .text          0x0000019c        0x0 ./MCAL/Timer0/M_Timer0.o
 .text          0x0000019c        0x0 ./MCAL/TWI/MTWI_program.o
 .text          0x0000019c        0x0 ./MCAL/SPI/MSPI.o
 .text          0x0000019c        0x0 ./MCAL/Golbal_Interrupt/M_GLOBAL_INTERRUPT.o
 .text          0x0000019c        0x0 ./MCAL/DIO/MDIO_program.o
 .text          0x0000019c        0x0 ./MCAL/ADC/M_ADC.o
 .text          0x0000019c        0x0 ./HAL/LCD/HLCD.o
 .text          0x0000019c        0x0 ./HAL/Keypad/HKeypad_.o
 .text          0x0000019c        0x0 ./HAL/EEPROM/EEPROM_program.o
 .text          0x0000019c        0x0 ./APP/Functions.o
 .text          0x0000019c        0x0 ./APP/User_Interface.o
 .text          0x0000019c        0x0 ./main.o
 .text          0x0000019c        0x0 c:/winavr-20090313/bin/../lib/gcc/avr/4.3.2/avr5\libgcc.a(_mulsi3.o)
 .text          0x0000019c        0x0 c:/winavr-20090313/bin/../lib/gcc/avr/4.3.2/avr5\libgcc.a(_udivmodhi4.o)
 .text          0x0000019c        0x0 c:/winavr-20090313/bin/../lib/gcc/avr/4.3.2/avr5\libgcc.a(_udivmodsi4.o)
 .text          0x0000019c        0x0 c:/winavr-20090313/bin/../lib/gcc/avr/4.3.2/avr5\libgcc.a(_exit.o)
 .text          0x0000019c        0x0 c:/winavr-20090313/bin/../lib/gcc/avr/4.3.2/avr5\libgcc.a(_copy_data.o)
 .text          0x0000019c        0x0 c:/winavr-20090313/bin/../lib/gcc/avr/4.3.2/avr5\libgcc.a(_clear_bss.o)
 .text          0x0000019c       0x58 c:/winavr-20090313/bin/../lib/gcc/avr/4.3.2/avr5\libgcc.a(_fixunssfsi.o)
                0x0000019c                __fixunssfsi
 .text          0x000001f4      0x354 c:/winavr-20090313/bin/../lib/gcc/avr/4.3.2/avr5\libgcc.a(_addsub_sf.o)
                0x0000048c                __subsf3
                0x000004ee                __addsf3
 .text          0x00000548      0x1f4 c:/winavr-20090313/bin/../lib/gcc/avr/4.3.2/avr5\libgcc.a(_mul_sf.o)
                0x00000548                __mulsf3
 .text          0x0000073c       0x60 c:/winavr-20090313/bin/../lib/gcc/avr/4.3.2/avr5\libgcc.a(_gt_sf.o)
                0x0000073c                __gtsf2
 .text          0x0000079c       0x60 c:/winavr-20090313/bin/../lib/gcc/avr/4.3.2/avr5\libgcc.a(_ge_sf.o)
                0x0000079c                __gesf2
 .text          0x000007fc       0x60 c:/winavr-20090313/bin/../lib/gcc/avr/4.3.2/avr5\libgcc.a(_lt_sf.o)
                0x000007fc                __ltsf2
 .text          0x0000085c       0xa8 c:/winavr-20090313/bin/../lib/gcc/avr/4.3.2/avr5\libgcc.a(_sf_to_si.o)
                0x0000085c                __fixsfsi
 .text          0x00000904        0x0 c:/winavr-20090313/bin/../lib/gcc/avr/4.3.2/avr5\libgcc.a(_thenan_sf.o)
 .text          0x00000904        0x0 c:/winavr-20090313/bin/../lib/gcc/avr/4.3.2/avr5\libgcc.a(_prologue.o)
 .text          0x00000904        0x0 c:/winavr-20090313/bin/../lib/gcc/avr/4.3.2/avr5\libgcc.a(_epilogue.o)
 .text          0x00000904      0x1aa c:/winavr-20090313/bin/../lib/gcc/avr/4.3.2/avr5\libgcc.a(_pack_sf.o)
                0x00000904                __pack_f
 .text          0x00000aae       0xf0 c:/winavr-20090313/bin/../lib/gcc/avr/4.3.2/avr5\libgcc.a(_unpack_sf.o)
                0x00000aae                __unpack_f
 .text          0x00000b9e       0xb2 c:/winavr-20090313/bin/../lib/gcc/avr/4.3.2/avr5\libgcc.a(_fpcmp_parts_sf.o)
                0x00000b9e                __fpcmp_parts_f
 .text          0x00000c50      0x10c c:/winavr-20090313/bin/../lib/gcc/avr/4.3.2/../../../../avr/lib/avr5\libc.a(dtostre.o)
                0x00000c50                dtostre
 .text          0x00000d5c      0x1b0 c:/winavr-20090313/bin/../lib/gcc/avr/4.3.2/../../../../avr/lib/avr5\libc.a(ftoa_engine.o)
                0x00000d5c                __ftoa_engine
 .text          0x00000f0c        0xe c:/winavr-20090313/bin/../lib/gcc/avr/4.3.2/../../../../avr/lib/avr5\libc.a(strcpy_P.o)
                0x00000f0c                strcpy_P
 .text          0x00000f1a       0x12 c:/winavr-20090313/bin/../lib/gcc/avr/4.3.2/../../../../avr/lib/avr5\libc.a(strcmp.o)
                0x00000f1a                strcmp
 .text          0x00000f2c        0xe c:/winavr-20090313/bin/../lib/gcc/avr/4.3.2/../../../../avr/lib/avr5\libc.a(strcpy.o)
                0x00000f2c                strcpy
 .text          0x00000f3a       0x12 c:/winavr-20090313/bin/../lib/gcc/avr/4.3.2/../../../../avr/lib/avr5\libc.a(strlen.o)
                0x00000f3a                strlen
 .text          0x00000f4c       0x42 c:/winavr-20090313/bin/../lib/gcc/avr/4.3.2/../../../../avr/lib/avr5\libc.a(itoa.o)
                0x00000f4c                itoa
 .text          0x00000f8e       0x20 c:/winavr-20090313/bin/../lib/gcc/avr/4.3.2/../../../../avr/lib/avr5\libc.a(strrev.o)
                0x00000f8e                strrev
                0x00000fae                . = ALIGN (0x2)
 *(.text.*)
 .text.MUSART_voidInit
                0x00000fae       0x7a ./MCAL/USART/MUSART.o
                0x00000fae                MUSART_voidInit
 .text.MUSART_sendData
                0x00001028       0x34 ./MCAL/USART/MUSART.o
                0x00001028                MUSART_sendData
 .text.MUSART_readData
                0x0000105c       0x1e ./MCAL/USART/MUSART.o
                0x0000105c                MUSART_readData
 .text.M_Timer0Init
                0x0000107a       0x78 ./MCAL/Timer0/M_Timer0.o
                0x0000107a                M_Timer0Init
 .text.M_Timer0Disable
                0x000010f2       0x38 ./MCAL/Timer0/M_Timer0.o
                0x000010f2                M_Timer0Disable
 .text.MTIMER0_voidSetPreload
                0x0000112a       0x1c ./MCAL/Timer0/M_Timer0.o
                0x0000112a                MTIMER0_voidSetPreload
 .text.MTWI_voidInit
                0x00001146       0x32 ./MCAL/TWI/MTWI_program.o
                0x00001146                MTWI_voidInit
 .text.MTWI_voidStart
                0x00001178       0x42 ./MCAL/TWI/MTWI_program.o
                0x00001178                MTWI_voidStart
 .text.MTWI_voidWrite
                0x000011ba       0x50 ./MCAL/TWI/MTWI_program.o
                0x000011ba                MTWI_voidWrite
 .text.MTWI_u8ReadWithACK
                0x0000120a       0x48 ./MCAL/TWI/MTWI_program.o
                0x0000120a                MTWI_u8ReadWithACK
 .text.MTWI_voidStop
                0x00001252       0x38 ./MCAL/TWI/MTWI_program.o
                0x00001252                MTWI_voidStop
 .text.MTWI_u8GetStatus
                0x0000128a       0x16 ./MCAL/TWI/MTWI_program.o
                0x0000128a                MTWI_u8GetStatus
 .text.MSPI_voidInit
                0x000012a0       0x54 ./MCAL/SPI/MSPI.o
                0x000012a0                MSPI_voidInit
 .text.SPI_voidInitMaster
                0x000012f4       0x54 ./MCAL/SPI/MSPI.o
                0x000012f4                SPI_voidInitMaster
 .text.SPI_voidInitSlave
                0x00001348       0x2a ./MCAL/SPI/MSPI.o
                0x00001348                SPI_voidInitSlave
 .text.SPI_u8Transceiver
                0x00001372       0x2c ./MCAL/SPI/MSPI.o
                0x00001372                SPI_u8Transceiver
 .text.MGIE_voidEnable
                0x0000139e       0x1c ./MCAL/Golbal_Interrupt/M_GLOBAL_INTERRUPT.o
                0x0000139e                MGIE_voidEnable
 .text.MGIE_voidDisable
                0x000013ba       0x1c ./MCAL/Golbal_Interrupt/M_GLOBAL_INTERRUPT.o
                0x000013ba                MGIE_voidDisable
 .text.MDIO_SetPinValue
                0x000013d6      0x220 ./MCAL/DIO/MDIO_program.o
                0x000013d6                MDIO_SetPinValue
 .text.MDIO_GetPinValue
                0x000015f6      0x124 ./MCAL/DIO/MDIO_program.o
                0x000015f6                MDIO_GetPinValue
 .text.MDIO_SetPortValue
                0x0000171a       0x92 ./MCAL/DIO/MDIO_program.o
                0x0000171a                MDIO_SetPortValue
 .text.MDIO_GetPortValue
                0x000017ac      0x110 ./MCAL/DIO/MDIO_program.o
                0x000017ac                MDIO_GetPortValue
 .text.MDIO_TogglePin
                0x000018bc      0x116 ./MCAL/DIO/MDIO_program.o
                0x000018bc                MDIO_TogglePin
 .text.Port_VoidInit
                0x000019d2       0x4e ./MCAL/DIO/MDIO_program.o
                0x000019d2                Port_VoidInit
 .text.MADC_voidInit
                0x00001a20       0x70 ./MCAL/ADC/M_ADC.o
                0x00001a20                MADC_voidInit
 .text.MADC_u16GetValue
                0x00001a90       0x6c ./MCAL/ADC/M_ADC.o
                0x00001a90                MADC_u16GetValue
 .text.HLCD_voidSendCommand
                0x00001afc      0x560 ./HAL/LCD/HLCD.o
                0x00001afc                HLCD_voidSendCommand
 .text.HLCD_voidsendData
                0x0000205c      0x560 ./HAL/LCD/HLCD.o
                0x0000205c                HLCD_voidsendData
 .text.HLCD_voidinit
                0x000025bc      0x12e ./HAL/LCD/HLCD.o
                0x000025bc                HLCD_voidinit
 .text.HLCD_voidclear
                0x000026ea       0x1a ./HAL/LCD/HLCD.o
                0x000026ea                HLCD_voidclear
 .text.HLCD_voidsendNumber
                0x00002704       0x46 ./HAL/LCD/HLCD.o
                0x00002704                HLCD_voidsendNumber
 .text.HLCD_voidsendFloat
                0x0000274a       0x56 ./HAL/LCD/HLCD.o
                0x0000274a                HLCD_voidsendFloat
 .text.HLCD_voidsendString
                0x000027a0       0x52 ./HAL/LCD/HLCD.o
                0x000027a0                HLCD_voidsendString
 .text.HLCD_voidgotoXY
                0x000027f2       0x48 ./HAL/LCD/HLCD.o
                0x000027f2                HLCD_voidgotoXY
 .text.HLCD_IncrementCursor
                0x0000283a       0x2e ./HAL/LCD/HLCD.o
                0x0000283a                HLCD_IncrementCursor
 .text.HLCD_DecrementCursor
                0x00002868       0x2e ./HAL/LCD/HLCD.o
                0x00002868                HLCD_DecrementCursor
 .text.Move_Name_LR
                0x00002896      0x218 ./HAL/LCD/HLCD.o
                0x00002896                Move_Name_LR
 .text.Hkeypad_u8GetKey
                0x00002aae      0x176 ./HAL/Keypad/HKeypad_.o
                0x00002aae                Hkeypad_u8GetKey
 .text.Hkeypad_charGet_String
                0x00002c24       0x60 ./HAL/Keypad/HKeypad_.o
                0x00002c24                Hkeypad_charGet_String
 .text.EEPROM_voidWrite
                0x00002c84      0x128 ./HAL/EEPROM/EEPROM_program.o
                0x00002c84                EEPROM_voidWrite
 .text.EEPROM_voidRead
                0x00002dac      0x138 ./HAL/EEPROM/EEPROM_program.o
                0x00002dac                EEPROM_voidRead
 .text.Menu_state
                0x00002ee4      0x1e2 ./APP/Functions.o
                0x00002ee4                Menu_state
 .text.Open_System_state
                0x000030c6      0x172 ./APP/Functions.o
                0x000030c6                Open_System_state
 .text.Change_Password_state
                0x00003238      0x172 ./APP/Functions.o
                0x00003238                Change_Password_state
 .text.Add_User_state
                0x000033aa      0x188 ./APP/Functions.o
                0x000033aa                Add_User_state
 .text.MAP_u16Mapping
                0x00003532       0xb6 ./APP/Functions.o
                0x00003532                MAP_u16Mapping
 .text.__vector_10
                0x000035e8      0x318 ./APP/Functions.o
                0x000035e8                __vector_10
 .text.__vector_13
                0x00003900      0x23c ./APP/Functions.o
                0x00003900                __vector_13
 .text.Init_Default_ID
                0x00003b3c       0x3c ./APP/User_Interface.o
                0x00003b3c                Init_Default_ID
 .text.Init_Users
                0x00003b78       0x8a ./APP/User_Interface.o
                0x00003b78                Init_Users
 .text.Store_ID
                0x00003c02       0xb4 ./APP/User_Interface.o
                0x00003c02                Store_ID
 .text.Store_Password
                0x00003cb6       0xbc ./APP/User_Interface.o
                0x00003cb6                Store_Password
 .text.Open_Smart_System
                0x00003d72       0x30 ./APP/User_Interface.o
                0x00003d72                Open_Smart_System
 .text.Add_User
                0x00003da2       0x9c ./APP/User_Interface.o
                0x00003da2                Add_User
 .text.Change_Password
                0x00003e3e       0x5e ./APP/User_Interface.o
                0x00003e3e                Change_Password
 .text.Valid_User
                0x00003e9c       0x8e ./APP/User_Interface.o
                0x00003e9c                Valid_User
 .text.Enter_User_ID
                0x00003f2a      0x11e ./APP/User_Interface.o
                0x00003f2a                Enter_User_ID
 .text.Enter_User_Password
                0x00004048      0x11e ./APP/User_Interface.o
                0x00004048                Enter_User_Password
 .text.User_Added
                0x00004166      0x11e ./APP/User_Interface.o
                0x00004166                User_Added
 .text.No_Space
                0x00004284      0x11e ./APP/User_Interface.o
                0x00004284                No_Space
 .text.Search_For_User
                0x000043a2       0x58 ./APP/User_Interface.o
                0x000043a2                Search_For_User
 .text.Check_Password
                0x000043fa       0x40 ./APP/User_Interface.o
                0x000043fa                Check_Password
 .text.Check_Available_Space
                0x0000443a       0x54 ./APP/User_Interface.o
                0x0000443a                Check_Available_Space
 .text.Get_User_ID
                0x0000448e       0x3e ./APP/User_Interface.o
                0x0000448e                Get_User_ID
 .text.Get_Password
                0x000044cc       0x3e ./APP/User_Interface.o
                0x000044cc                Get_Password
 .text.mark_user_as_not_available
                0x0000450a       0x54 ./APP/User_Interface.o
                0x0000450a                mark_user_as_not_available
 .text.mark_user_as_available
                0x0000455e       0x52 ./APP/User_Interface.o
                0x0000455e                mark_user_as_available
 .text.debug    0x000045b0      0x112 ./APP/User_Interface.o
                0x000045b0                debug
 .text.read_user_id
                0x000046c2       0x78 ./APP/User_Interface.o
                0x000046c2                read_user_id
 .text.read_password
                0x0000473a       0x7a ./APP/User_Interface.o
                0x0000473a                read_password
 .text.Wrong_Password
                0x000047b4      0x11e ./APP/User_Interface.o
                0x000047b4                Wrong_Password
 .text.User_Not_Found
                0x000048d2      0x11e ./APP/User_Interface.o
                0x000048d2                User_Not_Found
 .text.Password_Changed
                0x000049f0      0x11e ./APP/User_Interface.o
                0x000049f0                Password_Changed
 .text.main     0x00004b0e       0x9a ./main.o
                0x00004b0e                main
 .text.libgcc   0x00004ba8       0x3e c:/winavr-20090313/bin/../lib/gcc/avr/4.3.2/avr5\libgcc.a(_mulsi3.o)
                0x00004ba8                __mulsi3
 .text.libgcc   0x00004be6       0x28 c:/winavr-20090313/bin/../lib/gcc/avr/4.3.2/avr5\libgcc.a(_udivmodhi4.o)
                0x00004be6                __udivmodhi4
 .text.libgcc   0x00004c0e       0x44 c:/winavr-20090313/bin/../lib/gcc/avr/4.3.2/avr5\libgcc.a(_udivmodsi4.o)
                0x00004c0e                __udivmodsi4
 .text.libgcc   0x00004c52        0x0 c:/winavr-20090313/bin/../lib/gcc/avr/4.3.2/avr5\libgcc.a(_exit.o)
 .text.libgcc   0x00004c52        0x0 c:/winavr-20090313/bin/../lib/gcc/avr/4.3.2/avr5\libgcc.a(_copy_data.o)
 .text.libgcc   0x00004c52        0x0 c:/winavr-20090313/bin/../lib/gcc/avr/4.3.2/avr5\libgcc.a(_clear_bss.o)
 .text.libgcc   0x00004c52       0x38 c:/winavr-20090313/bin/../lib/gcc/avr/4.3.2/avr5\libgcc.a(_prologue.o)
                0x00004c52                __prologue_saves__
 .text.libgcc   0x00004c8a       0x36 c:/winavr-20090313/bin/../lib/gcc/avr/4.3.2/avr5\libgcc.a(_epilogue.o)
                0x00004c8a                __epilogue_restores__
                0x00004cc0                . = ALIGN (0x2)
 *(.fini9)
 .fini9         0x00004cc0        0x0 c:/winavr-20090313/bin/../lib/gcc/avr/4.3.2/avr5\libgcc.a(_exit.o)
                0x00004cc0                exit
                0x00004cc0                _exit
 *(.fini9)
 *(.fini8)
 *(.fini8)
 *(.fini7)
 *(.fini7)
 *(.fini6)
 *(.fini6)
 *(.fini5)
 *(.fini5)
 *(.fini4)
 *(.fini4)
 *(.fini3)
 *(.fini3)
 *(.fini2)
 *(.fini2)
 *(.fini1)
 *(.fini1)
 *(.fini0)
 .fini0         0x00004cc0        0x4 c:/winavr-20090313/bin/../lib/gcc/avr/4.3.2/avr5\libgcc.a(_exit.o)
 *(.fini0)
                0x00004cc4                _etext = .

.data           0x00800060      0x120 load address 0x00004cc4
                0x00800060                PROVIDE (__data_start, .)
 *(.data)
 .data          0x00800060        0x0 c:/winavr-20090313/bin/../lib/gcc/avr/4.3.2/../../../../avr/lib/avr5/crtm32.o
 .data          0x00800060        0x0 ./MCAL/USART/MUSART.o
 .data          0x00800060        0x0 ./MCAL/Timer0/M_Timer0.o
 .data          0x00800060        0x0 ./MCAL/TWI/MTWI_program.o
 .data          0x00800060        0x0 ./MCAL/SPI/MSPI.o
 .data          0x00800060        0x0 ./MCAL/Golbal_Interrupt/M_GLOBAL_INTERRUPT.o
 .data          0x00800060        0x0 ./MCAL/DIO/MDIO_program.o
 .data          0x00800060        0x0 ./MCAL/ADC/M_ADC.o
 .data          0x00800060        0x0 ./HAL/LCD/HLCD.o
 .data          0x00800060        0x0 ./HAL/Keypad/HKeypad_.o
 .data          0x00800060        0x0 ./HAL/EEPROM/EEPROM_program.o
 .data          0x00800060       0x68 ./APP/Functions.o
 .data          0x008000c8       0x84 ./APP/User_Interface.o
 .data          0x0080014c        0x0 ./main.o
 .data          0x0080014c        0x0 c:/winavr-20090313/bin/../lib/gcc/avr/4.3.2/avr5\libgcc.a(_mulsi3.o)
 .data          0x0080014c        0x0 c:/winavr-20090313/bin/../lib/gcc/avr/4.3.2/avr5\libgcc.a(_udivmodhi4.o)
 .data          0x0080014c        0x0 c:/winavr-20090313/bin/../lib/gcc/avr/4.3.2/avr5\libgcc.a(_udivmodsi4.o)
 .data          0x0080014c        0x0 c:/winavr-20090313/bin/../lib/gcc/avr/4.3.2/avr5\libgcc.a(_exit.o)
 .data          0x0080014c        0x0 c:/winavr-20090313/bin/../lib/gcc/avr/4.3.2/avr5\libgcc.a(_copy_data.o)
 .data          0x0080014c        0x0 c:/winavr-20090313/bin/../lib/gcc/avr/4.3.2/avr5\libgcc.a(_clear_bss.o)
 .data          0x0080014c        0x0 c:/winavr-20090313/bin/../lib/gcc/avr/4.3.2/avr5\libgcc.a(_fixunssfsi.o)
 .data          0x0080014c        0x0 c:/winavr-20090313/bin/../lib/gcc/avr/4.3.2/avr5\libgcc.a(_addsub_sf.o)
 .data          0x0080014c        0x0 c:/winavr-20090313/bin/../lib/gcc/avr/4.3.2/avr5\libgcc.a(_mul_sf.o)
 .data          0x0080014c        0x0 c:/winavr-20090313/bin/../lib/gcc/avr/4.3.2/avr5\libgcc.a(_gt_sf.o)
 .data          0x0080014c        0x0 c:/winavr-20090313/bin/../lib/gcc/avr/4.3.2/avr5\libgcc.a(_ge_sf.o)
 .data          0x0080014c        0x0 c:/winavr-20090313/bin/../lib/gcc/avr/4.3.2/avr5\libgcc.a(_lt_sf.o)
 .data          0x0080014c        0x0 c:/winavr-20090313/bin/../lib/gcc/avr/4.3.2/avr5\libgcc.a(_sf_to_si.o)
 .data          0x0080014c        0x8 c:/winavr-20090313/bin/../lib/gcc/avr/4.3.2/avr5\libgcc.a(_thenan_sf.o)
                0x0080014c                __thenan_sf
 .data          0x00800154        0x0 c:/winavr-20090313/bin/../lib/gcc/avr/4.3.2/avr5\libgcc.a(_prologue.o)
 .data          0x00800154        0x0 c:/winavr-20090313/bin/../lib/gcc/avr/4.3.2/avr5\libgcc.a(_epilogue.o)
 .data          0x00800154        0x0 c:/winavr-20090313/bin/../lib/gcc/avr/4.3.2/avr5\libgcc.a(_pack_sf.o)
 .data          0x00800154        0x0 c:/winavr-20090313/bin/../lib/gcc/avr/4.3.2/avr5\libgcc.a(_unpack_sf.o)
 .data          0x00800154        0x0 c:/winavr-20090313/bin/../lib/gcc/avr/4.3.2/avr5\libgcc.a(_fpcmp_parts_sf.o)
 .data          0x00800154        0x0 c:/winavr-20090313/bin/../lib/gcc/avr/4.3.2/../../../../avr/lib/avr5\libc.a(dtostre.o)
 .data          0x00800154        0x0 c:/winavr-20090313/bin/../lib/gcc/avr/4.3.2/../../../../avr/lib/avr5\libc.a(ftoa_engine.o)
 .data          0x00800154        0x0 c:/winavr-20090313/bin/../lib/gcc/avr/4.3.2/../../../../avr/lib/avr5\libc.a(strcpy_P.o)
 .data          0x00800154        0x0 c:/winavr-20090313/bin/../lib/gcc/avr/4.3.2/../../../../avr/lib/avr5\libc.a(strcmp.o)
 .data          0x00800154        0x0 c:/winavr-20090313/bin/../lib/gcc/avr/4.3.2/../../../../avr/lib/avr5\libc.a(strcpy.o)
 .data          0x00800154        0x0 c:/winavr-20090313/bin/../lib/gcc/avr/4.3.2/../../../../avr/lib/avr5\libc.a(strlen.o)
 .data          0x00800154        0x0 c:/winavr-20090313/bin/../lib/gcc/avr/4.3.2/../../../../avr/lib/avr5\libc.a(itoa.o)
 .data          0x00800154        0x0 c:/winavr-20090313/bin/../lib/gcc/avr/4.3.2/../../../../avr/lib/avr5\libc.a(strrev.o)
 *(.data*)
 .data.Pin_array
                0x00800154        0x4 ./HAL/LCD/HLCD.o
                0x00800154                Pin_array
 .data.str.1387
                0x00800158       0x14 ./HAL/Keypad/HKeypad_.o
 .data.Menu_Flag
                0x0080016c        0x1 ./main.o
                0x0080016c                Menu_Flag
 .data.Open_System_Flag
                0x0080016d        0x1 ./main.o
                0x0080016d                Open_System_Flag
 .data.Change_Password_Flag
                0x0080016e        0x1 ./main.o
                0x0080016e                Change_Password_Flag
 .data.Add_User_Flag
                0x0080016f        0x1 ./main.o
                0x0080016f                Add_User_Flag
 *(.rodata)
 *(.rodata*)
 .rodata.C.0.1366
                0x00800170       0x10 ./HAL/Keypad/HKeypad_.o
 *(.gnu.linkonce.d*)
                0x00800180                . = ALIGN (0x2)
                0x00800180                _edata = .
                0x00800180                PROVIDE (__data_end, .)

.bss            0x00800180       0x7c
                0x00800180                PROVIDE (__bss_start, .)
 *(.bss)
 .bss           0x00800180        0x0 c:/winavr-20090313/bin/../lib/gcc/avr/4.3.2/../../../../avr/lib/avr5/crtm32.o
 .bss           0x00800180        0x0 ./MCAL/USART/MUSART.o
 .bss           0x00800180        0x0 ./MCAL/Timer0/M_Timer0.o
 .bss           0x00800180        0x0 ./MCAL/TWI/MTWI_program.o
 .bss           0x00800180        0x0 ./MCAL/SPI/MSPI.o
 .bss           0x00800180        0x0 ./MCAL/Golbal_Interrupt/M_GLOBAL_INTERRUPT.o
 .bss           0x00800180        0x0 ./MCAL/DIO/MDIO_program.o
 .bss           0x00800180        0x0 ./MCAL/ADC/M_ADC.o
 .bss           0x00800180        0x0 ./HAL/LCD/HLCD.o
 .bss           0x00800180        0x0 ./HAL/Keypad/HKeypad_.o
 .bss           0x00800180        0x0 ./HAL/EEPROM/EEPROM_program.o
 .bss           0x00800180        0x0 ./APP/Functions.o
 .bss           0x00800180        0x0 ./APP/User_Interface.o
 .bss           0x00800180        0x0 ./main.o
 .bss           0x00800180        0x0 c:/winavr-20090313/bin/../lib/gcc/avr/4.3.2/avr5\libgcc.a(_mulsi3.o)
 .bss           0x00800180        0x0 c:/winavr-20090313/bin/../lib/gcc/avr/4.3.2/avr5\libgcc.a(_udivmodhi4.o)
 .bss           0x00800180        0x0 c:/winavr-20090313/bin/../lib/gcc/avr/4.3.2/avr5\libgcc.a(_udivmodsi4.o)
 .bss           0x00800180        0x0 c:/winavr-20090313/bin/../lib/gcc/avr/4.3.2/avr5\libgcc.a(_exit.o)
 .bss           0x00800180        0x0 c:/winavr-20090313/bin/../lib/gcc/avr/4.3.2/avr5\libgcc.a(_copy_data.o)
 .bss           0x00800180        0x0 c:/winavr-20090313/bin/../lib/gcc/avr/4.3.2/avr5\libgcc.a(_clear_bss.o)
 .bss           0x00800180        0x0 c:/winavr-20090313/bin/../lib/gcc/avr/4.3.2/avr5\libgcc.a(_fixunssfsi.o)
 .bss           0x00800180        0x0 c:/winavr-20090313/bin/../lib/gcc/avr/4.3.2/avr5\libgcc.a(_addsub_sf.o)
 .bss           0x00800180        0x0 c:/winavr-20090313/bin/../lib/gcc/avr/4.3.2/avr5\libgcc.a(_mul_sf.o)
 .bss           0x00800180        0x0 c:/winavr-20090313/bin/../lib/gcc/avr/4.3.2/avr5\libgcc.a(_gt_sf.o)
 .bss           0x00800180        0x0 c:/winavr-20090313/bin/../lib/gcc/avr/4.3.2/avr5\libgcc.a(_ge_sf.o)
 .bss           0x00800180        0x0 c:/winavr-20090313/bin/../lib/gcc/avr/4.3.2/avr5\libgcc.a(_lt_sf.o)
 .bss           0x00800180        0x0 c:/winavr-20090313/bin/../lib/gcc/avr/4.3.2/avr5\libgcc.a(_sf_to_si.o)
 .bss           0x00800180        0x0 c:/winavr-20090313/bin/../lib/gcc/avr/4.3.2/avr5\libgcc.a(_thenan_sf.o)
 .bss           0x00800180        0x0 c:/winavr-20090313/bin/../lib/gcc/avr/4.3.2/avr5\libgcc.a(_prologue.o)
 .bss           0x00800180        0x0 c:/winavr-20090313/bin/../lib/gcc/avr/4.3.2/avr5\libgcc.a(_epilogue.o)
 .bss           0x00800180        0x0 c:/winavr-20090313/bin/../lib/gcc/avr/4.3.2/avr5\libgcc.a(_pack_sf.o)
 .bss           0x00800180        0x0 c:/winavr-20090313/bin/../lib/gcc/avr/4.3.2/avr5\libgcc.a(_unpack_sf.o)
 .bss           0x00800180        0x0 c:/winavr-20090313/bin/../lib/gcc/avr/4.3.2/avr5\libgcc.a(_fpcmp_parts_sf.o)
 .bss           0x00800180        0x0 c:/winavr-20090313/bin/../lib/gcc/avr/4.3.2/../../../../avr/lib/avr5\libc.a(dtostre.o)
 .bss           0x00800180        0x0 c:/winavr-20090313/bin/../lib/gcc/avr/4.3.2/../../../../avr/lib/avr5\libc.a(ftoa_engine.o)
 .bss           0x00800180        0x0 c:/winavr-20090313/bin/../lib/gcc/avr/4.3.2/../../../../avr/lib/avr5\libc.a(strcpy_P.o)
 .bss           0x00800180        0x0 c:/winavr-20090313/bin/../lib/gcc/avr/4.3.2/../../../../avr/lib/avr5\libc.a(strcmp.o)
 .bss           0x00800180        0x0 c:/winavr-20090313/bin/../lib/gcc/avr/4.3.2/../../../../avr/lib/avr5\libc.a(strcpy.o)
 .bss           0x00800180        0x0 c:/winavr-20090313/bin/../lib/gcc/avr/4.3.2/../../../../avr/lib/avr5\libc.a(strlen.o)
 .bss           0x00800180        0x0 c:/winavr-20090313/bin/../lib/gcc/avr/4.3.2/../../../../avr/lib/avr5\libc.a(itoa.o)
 .bss           0x00800180        0x0 c:/winavr-20090313/bin/../lib/gcc/avr/4.3.2/../../../../avr/lib/avr5\libc.a(strrev.o)
 *(.bss*)
 .bss.MilliVolt
                0x00800180        0x2 ./APP/Functions.o
                0x00800180                MilliVolt
 .bss.Temperature
                0x00800182        0x1 ./APP/Functions.o
                0x00800182                Temperature
 .bss.G_u8RecivedData
                0x00800183        0x1 ./APP/Functions.o
                0x00800183                G_u8RecivedData
 .bss.counter.1630
                0x00800184        0x2 ./APP/Functions.o
 .bss.user_id.1826
                0x00800186       0x14 ./APP/User_Interface.o
 .bss.password.1833
                0x0080019a       0x14 ./APP/User_Interface.o
 .bss.user_id.1868
                0x008001ae       0x14 ./APP/User_Interface.o
 .bss.password.1891
                0x008001c2       0x14 ./APP/User_Interface.o
 .bss.Current_state
                0x008001d6        0x1 ./main.o
                0x008001d6                Current_state
 *(COMMON)
 COMMON         0x008001d7        0x6 ./APP/Functions.o
                0x008001d7                MADC_LM35_u16Reading
                0x008001d9                ADC_u8Mapped
                0x008001da                Key_value
                0x008001db                MADC_LDR_u16Reading
 COMMON         0x008001dd       0x1f ./APP/User_Interface.o
                0x008001dd                iterator
                0x008001de                users
                0x008001fc                PROVIDE (__bss_end, .)
                0x00004cc4                __data_load_start = LOADADDR (.data)
                0x00004de4                __data_load_end = (__data_load_start + SIZEOF (.data))

.noinit         0x008001fc        0x0
                0x008001fc                PROVIDE (__noinit_start, .)
 *(.noinit*)
                0x008001fc                PROVIDE (__noinit_end, .)
                0x008001fc                _end = .
                0x008001fc                PROVIDE (__heap_start, .)

.eeprom         0x00810000        0x0
 *(.eeprom*)
                0x00810000                __eeprom_end = .

.fuse
 *(.fuse)
 *(.lfuse)
 *(.hfuse)
 *(.efuse)

.lock
 *(.lock*)

.signature
 *(.signature*)

.stab           0x00000000     0x54c0
 *(.stab)
 .stab          0x00000000      0x2d0 ./MCAL/USART/MUSART.o
 .stab          0x000002d0      0x270 ./MCAL/Timer0/M_Timer0.o
                                0x27c (size before relaxing)
 .stab          0x00000540      0x354 ./MCAL/TWI/MTWI_program.o
                                0x360 (size before relaxing)
 .stab          0x00000894      0x2b8 ./MCAL/SPI/MSPI.o
                                0x2c4 (size before relaxing)
 .stab          0x00000b4c      0x1c8 ./MCAL/Golbal_Interrupt/M_GLOBAL_INTERRUPT.o
                                0x1d4 (size before relaxing)
 .stab          0x00000d14      0x69c ./MCAL/DIO/MDIO_program.o
                                0x6a8 (size before relaxing)
 .stab          0x000013b0      0x258 ./MCAL/ADC/M_ADC.o
                                0x264 (size before relaxing)
 .stab          0x00001608     0x12f0 ./HAL/LCD/HLCD.o
                               0x12fc (size before relaxing)
 .stab          0x000028f8      0x444 ./HAL/Keypad/HKeypad_.o
                                0x4a4 (size before relaxing)
 .stab          0x00002d3c      0x3fc ./HAL/EEPROM/EEPROM_program.o
                                0x594 (size before relaxing)
 .stab          0x00003138      0xe04 ./APP/Functions.o
                                0xff0 (size before relaxing)
 .stab          0x00003f3c     0x12f0 ./APP/User_Interface.o
                               0x1578 (size before relaxing)
 .stab          0x0000522c      0x294 ./main.o
                                0x51c (size before relaxing)

.stabstr        0x00000000     0x1bac
 *(.stabstr)
 .stabstr       0x00000000     0x1bac ./MCAL/USART/MUSART.o

.stab.excl
 *(.stab.excl)

.stab.exclstr
 *(.stab.exclstr)

.stab.index
 *(.stab.index)

.stab.indexstr
 *(.stab.indexstr)

.comment
 *(.comment)

.debug
 *(.debug)

.line
 *(.line)

.debug_srcinfo
 *(.debug_srcinfo)

.debug_sfnames
 *(.debug_sfnames)

.debug_aranges
 *(.debug_aranges)

.debug_pubnames
 *(.debug_pubnames)

.debug_info
 *(.debug_info)
 *(.gnu.linkonce.wi.*)

.debug_abbrev
 *(.debug_abbrev)

.debug_line
 *(.debug_line)

.debug_frame
 *(.debug_frame)

.debug_str
 *(.debug_str)

.debug_loc
 *(.debug_loc)

.debug_macinfo
 *(.debug_macinfo)
OUTPUT(Smart_Home_Master.elf elf32-avr)
LOAD linker stubs
